2025-12-06 22:48:12,332 - BetterGI StellTrack_Debug - INFO - 安全调试日志系统初始化完成
2025-12-06 22:48:12,332 - BetterGI StellTrack_Debug - INFO - 应用名称: BetterGI 星轨 v3.2.0
2025-12-06 22:48:12,332 - BetterGI StellTrack_Debug - INFO - 日志文件路径: D:\青山公仔\应用\Py测试\git\BetterGI_StellTrack\logs\BetterGI StellTrack_v3.2.0_20251206_224812.log
2025-12-06 22:48:12,333 - BetterGI StellTrack_Debug - INFO - 安全输出捕获系统已启动
2025-12-06 22:48:12,333 - BetterGI StellTrack_Debug - INFO - [DEBUG] 全局日志记录初始化成功
2025-12-06 22:48:12,333 - BetterGI StellTrack_Debug - INFO - [DEBUG] 设置全局异常处理器
2025-12-06 22:48:12,333 - BetterGI StellTrack_Debug - INFO - [DEBUG] 全局异常处理器已设置
2025-12-06 22:48:12,334 - BetterGI StellTrack_Debug - INFO - [DEBUG] 初始化应用程序监控器
2025-12-06 22:48:12,334 - BetterGI StellTrack_Debug - INFO - [DEBUG] 应用程序监控已启动
2025-12-06 22:48:12,335 - BetterGI StellTrack_Debug - INFO - [DEBUG] 应用程序监控器已启动
2025-12-06 22:48:12,335 - BetterGI StellTrack_Debug - INFO - BetterGI 星轨应用程序启动
2025-12-06 22:48:12,335 - BetterGI StellTrack_Debug - INFO - 版本: 3.2.0
2025-12-06 22:48:12,558 - BetterGI StellTrack_Debug - INFO - 系统信息:
=== 系统信息 ===
应用程序: BetterGI 星轨 v3.2.0
版本详情: 3.2.0.0
操作系统: Windows 11
系统版本: 10.0.26220
处理器: AMD64 Family 25 Model 80 Stepping 0, AuthenticAMD
架构: 64bit
Python版本: 3.13.9
总内存: 13 GB
可用内存: 3 GB
内存使用率: 71.4%
总磁盘空间: 550 GB
可用磁盘空间: 102 GB
磁盘使用率: 81.4%
2025-12-06 22:48:12,559 - BetterGI StellTrack_Debug - INFO - [DEBUG] 应用程序初始化完成
2025-12-06 22:48:12,559 - BetterGI StellTrack_Debug - INFO - [DEBUG] 开始检查用户协议
2025-12-06 22:48:12,559 - BetterGI StellTrack_Debug - INFO - [DEBUG] 开始检查用户协议
2025-12-06 22:48:12,559 - BetterGI StellTrack_Debug - INFO - [DEBUG] 检查协议文件: D:\青山公仔\应用\Py测试\git\BetterGI_StellTrack\BetterGI StellTrack_agreement_accepted.txt
2025-12-06 22:48:12,559 - BetterGI StellTrack_Debug - INFO - [DEBUG] 协议文件存在: False
2025-12-06 22:48:12,560 - BetterGI StellTrack_Debug - INFO - [DEBUG] 当前协议文件哈希: ad0096a2a9557fa631dfa3ecb8939e36
2025-12-06 22:48:12,561 - BetterGI StellTrack_Debug - INFO - [DEBUG] 首次运行，需要确认协议
2025-12-06 22:48:12,561 - BetterGI StellTrack_Debug - INFO - [DEBUG] 需要用户重新确认协议
2025-12-06 22:48:12,561 - BetterGI StellTrack_Debug - INFO - [DEBUG] AppUserModelID设置成功: HXiaoStudio.BetterGI StellTrack.3.2.0
2025-12-06 22:48:12,561 - BetterGI StellTrack_Debug - INFO - [DEBUG] 显示用户协议对话框
2025-12-06 22:48:12,563 - BetterGI StellTrack_Debug - INFO - [DEBUG] 初始化用户协议对话框
2025-12-06 22:48:12,620 - BetterGI StellTrack_Debug - INFO - 全局字体管理器：成功加载得意黑字体: Smiley Sans from D:\青山公仔\应用\Py测试\git\BetterGI_StellTrack\SmileySans-Oblique.ttf
2025-12-06 22:48:12,633 - BetterGI StellTrack_Debug - INFO - [DEBUG] 用户协议对话框UI设置完成
2025-12-06 22:48:14,201 - BetterGI StellTrack_Debug - INFO - [DEBUG] 任务栏图标修复成功: D:\青山公仔\应用\Py测试\git\BetterGI_StellTrack\logo.ico
2025-12-06 22:48:15,448 - BetterGI StellTrack_Debug - INFO - [DEBUG] 用户协议复选框状态: 同意
2025-12-06 22:48:17,013 - BetterGI StellTrack_Debug - INFO - [DEBUG] 用户协议对话框返回结果: 1
2025-12-06 22:48:17,014 - BetterGI StellTrack_Debug - INFO - [DEBUG] 用户同意协议，创建标记文件
2025-12-06 22:48:17,016 - BetterGI StellTrack_Debug - INFO - [DEBUG] 协议文件已创建: D:\青山公仔\应用\Py测试\git\BetterGI_StellTrack\BetterGI StellTrack_agreement_accepted.txt
2025-12-06 22:48:17,017 - BetterGI StellTrack_Debug - INFO - [DEBUG] 用户协议检查通过
2025-12-06 22:48:17,017 - BetterGI StellTrack_Debug - INFO - [DEBUG] 创建主窗口
2025-12-06 22:48:17,067 - BetterGI StellTrack_Debug - INFO - 窗口图标设置成功
2025-12-06 22:48:17,130 - BetterGI StellTrack_Debug - INFO - 使用默认时间逻辑设置
2025-12-06 22:48:17,130 - BetterGI StellTrack_Debug - INFO - 未找到保存的状态文件
2025-12-06 22:48:17,136 - BetterGI StellTrack_Debug - INFO - 示例数据已添加
2025-12-06 22:48:17,136 - BetterGI StellTrack_Debug - INFO - 主窗口初始化完成
2025-12-06 22:48:17,136 - BetterGI StellTrack_Debug - INFO - [DEBUG] 主窗口创建完成
2025-12-06 22:48:17,136 - BetterGI StellTrack_Debug - INFO - [DEBUG] 显示主窗口
2025-12-06 22:48:17,237 - BetterGI StellTrack_Debug - INFO - [DEBUG] 应用程序启动耗时: 5.09 秒
2025-12-06 22:48:17,237 - BetterGI StellTrack_Debug - INFO - 主窗口已显示
2025-12-06 22:48:17,237 - BetterGI StellTrack_Debug - INFO - 应用程序启动完成，总耗时: 5.09 秒
2025-12-06 22:48:17,237 - BetterGI StellTrack_Debug - INFO - [DEBUG] 主窗口显示完成
2025-12-06 22:48:17,238 - BetterGI StellTrack_Debug - INFO - 应用程序启动完成，耗时 5.09 秒
2025-12-06 22:48:17,238 - BetterGI StellTrack_Debug - INFO - [DEBUG] 进入应用程序主循环
2025-12-06 22:48:17,386 - BetterGI StellTrack_Debug - INFO - [DEBUG] 任务栏图标修复成功: D:\青山公仔\应用\Py测试\git\BetterGI_StellTrack\logo.ico
2025-12-06 22:48:17,387 - BetterGI StellTrack_Debug - INFO - 任务栏图标修复完成
2025-12-06 22:48:17,389 - BetterGI StellTrack_Debug - INFO - [DEBUG] 任务栏图标修复成功: D:\青山公仔\应用\Py测试\git\BetterGI_StellTrack\logo.ico
2025-12-06 22:48:17,390 - BetterGI StellTrack_Debug - INFO - 任务栏图标修复完成
2025-12-06 22:48:17,714 - BetterGI StellTrack_Debug - INFO - 程序状态已保存
2025-12-06 22:48:24,641 - BetterGI StellTrack_Debug - INFO - 打开关于窗口
2025-12-06 22:48:24,746 - BetterGI StellTrack_Debug - INFO - [DEBUG] 任务栏图标修复成功: D:\青山公仔\应用\Py测试\git\BetterGI_StellTrack\logo.ico
2025-12-06 22:48:44,808 - BetterGI StellTrack_Debug - INFO - 主窗口关闭中...
2025-12-06 22:48:44,810 - BetterGI StellTrack_Debug - INFO - 程序状态已保存
2025-12-06 22:48:44,810 - BetterGI StellTrack_Debug - INFO - 程序正常关闭
2025-12-06 22:48:44,831 - BetterGI StellTrack_Debug - INFO - 应用程序退出，返回码: 0
2025-12-06 22:48:44,831 - BetterGI StellTrack_Debug - INFO - [DEBUG] 开始清理应用程序资源
2025-12-06 22:48:44,831 - BetterGI StellTrack_Debug - INFO - [DEBUG] 正在停止应用程序监控...
2025-12-06 22:48:46,846 - BetterGI StellTrack_Debug - INFO - [DEBUG] 应用程序监控已停止
2025-12-06 22:48:46,847 - BetterGI StellTrack_Debug - INFO - [DEBUG] 监控器已停止
2025-12-06 22:48:46,847 - BetterGI StellTrack_Debug - INFO - 输出流已恢复
2025-12-06 22:48:46,847 - BetterGI StellTrack_Debug - INFO - 应用程序资源清理完成
