2025-12-06 23:20:54,331 - BetterGI StellTrack_Debug - INFO - 安全调试日志系统初始化完成
2025-12-06 23:20:54,331 - BetterGI StellTrack_Debug - INFO - 应用名称: BetterGI 星轨 v3.2.0
2025-12-06 23:20:54,331 - BetterGI StellTrack_Debug - INFO - 日志文件路径: d:\青山公仔\应用\Py测试\git\BetterGI_StellTrack\logs\BetterGI StellTrack_v3.2.0_20251206_232054.log
2025-12-06 23:20:54,331 - BetterGI StellTrack_Debug - INFO - 安全输出捕获系统已启动
2025-12-06 23:20:54,331 - BetterGI StellTrack_Debug - INFO - [DEBUG] 全局日志记录初始化成功
2025-12-06 23:20:54,332 - BetterGI StellTrack_Debug - INFO - [DEBUG] 设置全局异常处理器
2025-12-06 23:20:54,334 - BetterGI StellTrack_Debug - INFO - [DEBUG] 全局异常处理器已设置
2025-12-06 23:20:54,335 - BetterGI StellTrack_Debug - INFO - [DEBUG] 初始化应用程序监控器
2025-12-06 23:20:54,335 - BetterGI StellTrack_Debug - INFO - [DEBUG] 应用程序监控已启动
2025-12-06 23:20:54,336 - BetterGI StellTrack_Debug - INFO - [DEBUG] 应用程序监控器已启动
2025-12-06 23:20:54,336 - BetterGI StellTrack_Debug - INFO - BetterGI 星轨应用程序启动
2025-12-06 23:20:54,336 - BetterGI StellTrack_Debug - INFO - 版本: 3.2.0
2025-12-06 23:20:54,554 - BetterGI StellTrack_Debug - INFO - 系统信息:
=== 系统信息 ===
应用程序: BetterGI 星轨 v3.2.0
版本详情: 3.2.0.0
操作系统: Windows 11
系统版本: 10.0.26220
处理器: AMD64 Family 25 Model 80 Stepping 0, AuthenticAMD
架构: 64bit
Python版本: 3.13.9
总内存: 13 GB
可用内存: 2 GB
内存使用率: 82.3%
总磁盘空间: 550 GB
可用磁盘空间: 102 GB
磁盘使用率: 81.4%
2025-12-06 23:20:54,554 - BetterGI StellTrack_Debug - INFO - [DEBUG] 应用程序初始化完成
2025-12-06 23:20:54,555 - BetterGI StellTrack_Debug - INFO - [DEBUG] 开始检查用户协议
2025-12-06 23:20:54,555 - BetterGI StellTrack_Debug - INFO - [DEBUG] 开始检查用户协议
2025-12-06 23:20:54,555 - BetterGI StellTrack_Debug - INFO - [DEBUG] 检查协议文件: d:\青山公仔\应用\Py测试\git\BetterGI_StellTrack\BetterGI StellTrack_agreement_accepted.txt
2025-12-06 23:20:54,555 - BetterGI StellTrack_Debug - INFO - [DEBUG] 协议文件存在: True
2025-12-06 23:20:54,556 - BetterGI StellTrack_Debug - INFO - [DEBUG] 当前协议文件哈希: ad0096a2a9557fa631dfa3ecb8939e36
2025-12-06 23:20:54,557 - BetterGI StellTrack_Debug - INFO - [DEBUG] 协议内容未变化，无需重新确认
2025-12-06 23:20:54,557 - BetterGI StellTrack_Debug - INFO - [DEBUG] 用户已同意过当前版本的协议，直接返回
2025-12-06 23:20:54,557 - BetterGI StellTrack_Debug - INFO - [DEBUG] 用户协议检查通过
2025-12-06 23:20:54,558 - BetterGI StellTrack_Debug - INFO - [DEBUG] 创建主窗口
2025-12-06 23:20:54,606 - BetterGI StellTrack_Debug - INFO - 窗口图标设置成功
2025-12-06 23:20:54,623 - BetterGI StellTrack_Debug - INFO - 全局字体管理器：成功加载得意黑字体: Smiley Sans from d:\青山公仔\应用\Py测试\git\BetterGI_StellTrack\SmileySans-Oblique.ttf
2025-12-06 23:20:55,660 - BetterGI StellTrack_Debug - INFO - 使用默认时间逻辑设置
2025-12-06 23:20:55,661 - BetterGI StellTrack_Debug - INFO - 程序状态已加载
2025-12-06 23:20:55,662 - BetterGI StellTrack_Debug - INFO - 主窗口初始化完成
2025-12-06 23:20:55,662 - BetterGI StellTrack_Debug - INFO - [DEBUG] 主窗口创建完成
2025-12-06 23:20:55,662 - BetterGI StellTrack_Debug - INFO - [DEBUG] 显示主窗口
2025-12-06 23:20:56,449 - BetterGI StellTrack_Debug - INFO - [DEBUG] 应用程序启动耗时: 2.26 秒
2025-12-06 23:20:56,450 - BetterGI StellTrack_Debug - INFO - 主窗口已显示
2025-12-06 23:20:56,450 - BetterGI StellTrack_Debug - INFO - 应用程序启动完成，总耗时: 2.26 秒
2025-12-06 23:20:56,450 - BetterGI StellTrack_Debug - INFO - [DEBUG] 主窗口显示完成
2025-12-06 23:20:56,450 - BetterGI StellTrack_Debug - INFO - 应用程序启动完成，耗时 2.26 秒
2025-12-06 23:20:56,450 - BetterGI StellTrack_Debug - INFO - [DEBUG] 进入应用程序主循环
2025-12-06 23:20:56,599 - BetterGI StellTrack_Debug - INFO - [DEBUG] 任务栏图标修复成功: d:\青山公仔\应用\Py测试\git\BetterGI_StellTrack\logo.ico
2025-12-06 23:20:56,599 - BetterGI StellTrack_Debug - INFO - 任务栏图标修复完成
2025-12-06 23:20:56,605 - BetterGI StellTrack_Debug - INFO - 程序状态已保存
2025-12-06 23:20:56,611 - BetterGI StellTrack_Debug - INFO - [DEBUG] 任务栏图标修复成功: d:\青山公仔\应用\Py测试\git\BetterGI_StellTrack\logo.ico
2025-12-06 23:20:56,611 - BetterGI StellTrack_Debug - INFO - 任务栏图标修复完成
2025-12-06 23:20:58,354 - BetterGI StellTrack_Debug - INFO - 开始检测屏幕信息...
2025-12-06 23:20:58,354 - BetterGI StellTrack_Debug - INFO - 获取屏幕分辨率: 2560×1600
2025-12-06 23:20:58,354 - BetterGI StellTrack_Debug - INFO - 获取系统缩放比例: 150%
2025-12-06 23:20:58,355 - BetterGI StellTrack_Debug - INFO - 屏幕信息获取完成: 2560×1600, 缩放: 150%
2025-12-06 23:20:59,197 - BetterGI StellTrack_Debug - INFO - 开始检测屏幕信息...
2025-12-06 23:20:59,197 - BetterGI StellTrack_Debug - INFO - 获取屏幕分辨率: 2560×1600
2025-12-06 23:20:59,197 - BetterGI StellTrack_Debug - INFO - 获取系统缩放比例: 150%
2025-12-06 23:20:59,198 - BetterGI StellTrack_Debug - INFO - 屏幕信息获取完成: 2560×1600, 缩放: 150%
2025-12-06 23:20:59,805 - BetterGI StellTrack_Debug - INFO - 开始检测屏幕信息...
2025-12-06 23:20:59,805 - BetterGI StellTrack_Debug - INFO - 获取屏幕分辨率: 2560×1600
2025-12-06 23:20:59,806 - BetterGI StellTrack_Debug - INFO - 获取系统缩放比例: 150%
2025-12-06 23:20:59,806 - BetterGI StellTrack_Debug - INFO - 屏幕信息获取完成: 2560×1600, 缩放: 150%
2025-12-06 23:21:00,355 - BetterGI StellTrack_Debug - INFO - 开始检测屏幕信息...
2025-12-06 23:21:00,356 - BetterGI StellTrack_Debug - INFO - 获取屏幕分辨率: 2560×1600
2025-12-06 23:21:00,356 - BetterGI StellTrack_Debug - INFO - 获取系统缩放比例: 150%
2025-12-06 23:21:00,357 - BetterGI StellTrack_Debug - INFO - 屏幕信息获取完成: 2560×1600, 缩放: 150%
2025-12-06 23:21:00,884 - BetterGI StellTrack_Debug - INFO - 开始检测屏幕信息...
2025-12-06 23:21:00,884 - BetterGI StellTrack_Debug - INFO - 获取屏幕分辨率: 2560×1600
2025-12-06 23:21:00,884 - BetterGI StellTrack_Debug - INFO - 获取系统缩放比例: 150%
2025-12-06 23:21:00,885 - BetterGI StellTrack_Debug - INFO - 屏幕信息获取完成: 2560×1600, 缩放: 150%
2025-12-06 23:21:02,023 - BetterGI StellTrack_Debug - INFO - 开始检测屏幕信息...
2025-12-06 23:21:02,023 - BetterGI StellTrack_Debug - INFO - 获取屏幕分辨率: 2560×1600
2025-12-06 23:21:02,024 - BetterGI StellTrack_Debug - INFO - 获取系统缩放比例: 150%
2025-12-06 23:21:02,024 - BetterGI StellTrack_Debug - INFO - 屏幕信息获取完成: 2560×1600, 缩放: 150%
2025-12-06 23:21:03,331 - BetterGI StellTrack_Debug - INFO - 开始生成脚本...
2025-12-06 23:21:03,332 - BetterGI StellTrack_Debug - INFO - 事件成对性检查通过
2025-12-06 23:21:03,333 - BetterGI StellTrack_Debug - INFO - 脚本生成成功: 5 个事件, 1 次循环
2025-12-06 23:21:06,064 - BetterGI StellTrack_Debug - INFO - 开始生成脚本...
2025-12-06 23:21:06,064 - BetterGI StellTrack_Debug - INFO - 事件成对性检查通过
2025-12-06 23:21:06,065 - BetterGI StellTrack_Debug - INFO - 脚本生成成功: 5 个事件, 1 次循环
2025-12-06 23:21:08,553 - BetterGI StellTrack_Debug - INFO - 开始生成脚本...
2025-12-06 23:21:08,553 - BetterGI StellTrack_Debug - INFO - 事件成对性检查通过
2025-12-06 23:21:08,554 - BetterGI StellTrack_Debug - INFO - 脚本生成成功: 5 个事件, 1 次循环
2025-12-06 23:21:13,717 - BetterGI StellTrack_Debug - WARNING - 尝试编辑事件但未选择事件
2025-12-06 23:21:16,518 - BetterGI StellTrack_Debug - INFO - 已撤销操作
2025-12-06 23:21:17,775 - BetterGI StellTrack_Debug - INFO - 已重做操作
2025-12-06 23:21:19,108 - BetterGI StellTrack_Debug - INFO - 已撤销操作
2025-12-06 23:21:20,404 - BetterGI StellTrack_Debug - INFO - 已重做操作
2025-12-06 23:21:24,279 - BetterGI StellTrack_Debug - INFO - 主窗口关闭中...
2025-12-06 23:21:24,281 - BetterGI StellTrack_Debug - INFO - 程序状态已保存
2025-12-06 23:21:24,281 - BetterGI StellTrack_Debug - INFO - 程序正常关闭
2025-12-06 23:21:24,301 - BetterGI StellTrack_Debug - INFO - 应用程序退出，返回码: 0
2025-12-06 23:21:24,301 - BetterGI StellTrack_Debug - INFO - [DEBUG] 开始清理应用程序资源
2025-12-06 23:21:24,302 - BetterGI StellTrack_Debug - INFO - [DEBUG] 正在停止应用程序监控...
2025-12-06 23:21:24,562 - BetterGI StellTrack_Debug - INFO - [DEBUG] 应用程序监控已停止
2025-12-06 23:21:24,562 - BetterGI StellTrack_Debug - INFO - [DEBUG] 监控器已停止
2025-12-06 23:21:24,563 - BetterGI StellTrack_Debug - INFO - 输出流已恢复
2025-12-06 23:21:24,563 - BetterGI StellTrack_Debug - INFO - 应用程序资源清理完成
